# Tests

- âœ” t.plan [pass: 1, fail: 0]
- âœ” t.end [pass: 2, fail: 0]

# Summary

- planned: 3
- assertions: 3
- pass: 3
- fail: 0

